.tw-abc div {
  background-color: red;
  display: flex;
  flex: 1;
}