.prfx-my-class {
  color: green;
}

fieldset[disabled] .prfx-my-class {
  color: tomato;
}

.prfx-my-class .prfx-with-another-class {
  box-sizing: border-box;
}

@media screen and (min-width: 48rem) {
  .prfx-my-class {
    color: pink;
  }
}
